
/**************************************/
/* Sugar automaton print              */
/**************************************/
type inductive_bool =
  | False
  | True

node m0() returns (o : int)
var ;
let
  (o) = ite(true, ite(true, 1, 2), 3);
tel

node check() returns (o : int)
var ;
let
  (o) = m0();
tel

[31m[1mTyping error: [0munbound node main0

