
/**************************************/
/* Sugar automaton print              */
/**************************************/
type inductive_bool =
  | False
  | True

node main0(x : int) returns (o : bool);
var ;
let
  (o) = add(x, x when True(1));
tel

[31m[1mTyping error: [0mthis expression has type int but is expected to have type bool

