
/**************************************/
/* Sugar automaton print              */
/**************************************/
type inductive_bool =
  | False
  | True

node main0(x : int) returns (y : int);
var ;
let
  (y) = x;
tel

/**************************************/
/* Typed ast                          */
/**************************************/
type inductive_bool =
  | False
  | True

node main0__7(x__6 : int) returns (y__5 : int)
var ;
let
  (y__5) = x__6;
tel

/**************************************/
/* Normalized ast                     */
/**************************************/
type inductive_bool =
  | False
  | True

node main0__7(x__6 : int) returns (y__5 : int)
var ;
let
  (y__5) = x__6;
tel

/**************************************/
/* Clocked ast                          */
/**************************************/
type inductive_bool =
  | False
  | True

node main0__7(x__6 : int :: Base)
  returns (y__5 : int :: Base)
var ;
let
  (y__5) = x__6
tel
/**************************************/
/* Scheduled ast                      */
/**************************************/
type inductive_bool =
  | False
  | True

node main0__7(x__6 : int :: Base)
  returns (y__5 : int :: Base)
var ;
let
  (y__5) = x__6
tel
/**************************************/
/* Imp ast                            */
/**************************************/
type inductive_bool =
  | False
  | True

node main0__7(x__6 : int :: Base)
  returns (y__5 : int :: Base)
var ;
  mem={node=[]
       fby=[]}
  init={node=[]
        fby=[]}
  compute={(y__5 : int :: Base) = x__6}
  update={}
  
/**************************************/
/* C file                             */
/**************************************/
#include <stdlib.h>

#include <printf.h>

#include <unistd.h>

int int_read() {
  int var;
  scanf("%d", &var);
  return var;
}

enum inductive_bool {
  FALSE,
  TRUE
};

int main0 (int x) {
  int y;
  
  y = x;
  
  return y;
}

int main (int argc, char* argv[]) {
  int argv_0;
  int res;
  
  while (1) {
    argv_0 = int_read();
    
    res = main0(argv_0);
    
    printf("%d ", res);
    
    fflush(0);
    
    usleep(333333);
  };
}
