
/**************************************/
/* Sugar automaton print              */
/**************************************/
type inductive_bool =
  | False
  | True
type t =
  | A
  | B
  | C

node main(x : t) returns (o : bool);
var ;
let
  (o) = merge x 
          (A't -> true when A(x))
          (B't -> true when B(x));
tel

[31m[1mTyping error: [0mthe merge is not exhaustive over [t] type

